// Jest Snapshot v1, https://goo.gl/fbAQLP

exports[`renders Logo correctly 1`] = `
<div
  class="logo_f4kazk7"
>
  HN
</div>
`;
